../Core/Src/stc3115_Driver.c:141:12:STC3115_ReadByte	32	static
../Core/Src/stc3115_Driver.c:168:12:STC3115_WriteByte	24	static
../Core/Src/stc3115_Driver.c:187:12:STC3115_ReadWord	32	static
../Core/Src/stc3115_Driver.c:214:12:STC3115_WriteWord	24	static
../Core/Src/stc3115_Driver.c:234:12:STC3115_ReadBytes	32	static
../Core/Src/stc3115_Driver.c:250:12:STC3115_WriteBytes	32	static
../Core/Src/stc3115_Driver.c:271:12:STC3115_Status	16	static
../Core/Src/stc3115_Driver.c:292:13:STC3115_SetParam	24	static
../Core/Src/stc3115_Driver.c:337:12:STC3115_Startup	24	static
../Core/Src/stc3115_Driver.c:364:12:STC3115_Restore	24	static
../Core/Src/stc3115_Driver.c:389:12:STC3115_Powerdown	16	static
../Core/Src/stc3115_Driver.c:414:12:STC3115_conv	24	static
../Core/Src/stc3115_Driver.c:431:12:STC3115_ReadBatteryData	40	static
../Core/Src/stc3115_Driver.c:494:12:STC3115_ReadRamData	16	static
../Core/Src/stc3115_Driver.c:505:12:STC3115_WriteRamData	16	static
../Core/Src/stc3115_Driver.c:516:12:STC3115_CalcRamCRC8	32	static
../Core/Src/stc3115_Driver.c:540:12:STC3115_UpdateRamCRC	16	static
../Core/Src/stc3115_Driver.c:555:13:STC3115_InitRamData	24	static
../Core/Src/stc3115_Driver.c:581:5:GasGauge_Initialization	88	static
../Core/Src/stc3115_Driver.c:654:5:GasGauge_Reset	16	static
../Core/Src/stc3115_Driver.c:677:5:GasGauge_Stop	16	static
../Core/Src/stc3115_Driver.c:704:5:GasGauge_Task	24	static
../Core/Src/stc3115_Driver.c:849:5:STC3115_SetPowerSavingMode	16	static
../Core/Src/stc3115_Driver.c:870:5:STC3115_StopPowerSavingMode	16	static
../Core/Src/stc3115_Driver.c:895:5:STC3115_AlarmSet	16	static
../Core/Src/stc3115_Driver.c:916:5:STC3115_AlarmStop	16	static
../Core/Src/stc3115_Driver.c:940:5:STC3115_AlarmGet	16	static
../Core/Src/stc3115_Driver.c:960:5:STC3115_AlarmClear	16	static
../Core/Src/stc3115_Driver.c:978:5:STC3115_AlarmSetVoltageThreshold	24	static
../Core/Src/stc3115_Driver.c:999:5:STC3115_AlarmSetSOCThreshold	24	static
